1
BOOT=$(journalctl -b -o short-unix -n 1 | cut -d. -f1)
journalctl -b --since "@$BOOT" --until "@$((BOOT + 20))"

root@eltex-practice2-pg1-v18:~# BOOT=$(journalctl -b -o short-unix -n
1 | cut -d. -f1)
root@eltex-practice2-pg1-v18:~# journalctl -b --since "@$BOOT" --until
 "@$((BOOT + 20))"
Mar 17 10:15:01 eltex-practice2-pg1-v18 CRON[62271]: pam_unix(cron:se>
Mar 17 10:15:01 eltex-practice2-pg1-v18 CRON[62272]: (root) CMD (comm>
Mar 17 10:15:01 eltex-practice2-pg1-v18 CRON[62271]: pam_unix(cron:se>
lines 1-3/3 (END)

2

AUTH=$(find /var/log -name auth.log -print -quit)
awk '{print $5, substr($0, index($0,$6))}' "$AUTH" | sed 's/\[[0-9]*\]//g' | sort -k1,1

root@eltex-practice2-pg1-v18:~# AUTH=$(find /var/log -name auth.log -print -quit)
root@eltex-practice2-pg1-v18:~# awk '{print $5, substr($0, index($0,$6))}' "$AUTH" | sed 's/\[[0-9]*\]//g' | sort -k1,1 >> practice2_eltex-pg1-v18_part2.log
: TTY=pts/1 ; PWD=/home/user1 ; USER=root ; COMMAND=/bin/dmesg
: TTY=pts/1 ; PWD=/home/user1 ; USER=root ; COMMAND=/bin/dmesg
: user2 : user NOT in sudoers ; TTY=pts/1 ; PWD=/home/user2 ; USER=root ; COMMAND=/usr/local/bin/show_dmesg.sh
36 logged out. Waiting for processes to exit.
disconnect from 172.16.8.4 port 43758:11: disconnected by user
from user root 172.16.8.4 port 43758
listening on 0.0.0.0 port 22.
listening on :: port 22.
login by root (UID: 1003) on /dev/pts/1
password expiry for user1
password expiry for user2
password expiry for user3
publickey for root from 172.16.8.4 port 56064 ssh2: RSA SHA256:my+dOconGb6L2WiOJPiv+ZrmPN7aBpC9wxvbWQTGrIw
session 36.
session 742 of user root.
...
session opened for user user3(uid=1003) by root(uid=0)
session opened for user user3(uid=1003) by root(uid=0)
user1) root on pts/1
user1) root on pts/1
user1) root on pts/1
user1) root on pts/1
user1) root on pts/1
user1) root on pts/1
user1) root on pts/1
user2) root on pts/1
user2) root on pts/1
user2) root on pts/1
user2) root on pts/1
user3) root on pts/1
user3) root on pts/1

3

awk '{print $5}' "$auth_log" | sed 's/\[[0-9]*\]//g' | sort | uniq -c | sort -rn | awk '{print $1, $2}'

root@eltex-practice2-pg1-v18:~# awk '{print $5}' "$AUTH" | sed 's/\[[0-9]*\]//g' | sort | uniq -c | sort -rn | awk '{print $1, $2}'
872 session
7 user1)
4 user2)
3 password
3 :
2 user3)
2 listening
1 publickey
1 login
1 from
1 disconnect
1 36

4

for user in $(awk -F: '$7=="/usr/sbin/nologin" {print $1}' /etc/passwd); do echo "$(id -u $user),$user,$(id -Gn $user | tr ' ' ',')" done | sort -t, -k1 -rn


root@eltex-practice2-pg1-v18:~# for user in $(awk -F: '$7=="/usr/sbin/nologin" {print $1}' /etc/passwd); do
    echo "$(id -u $user),$user,$(id -Gn $user | tr ' ' ',')"
done | sort -t, -k1 -rn
65534,nobody,nogroup
1003,user3,user3,users,common_group
998,systemd-network,systemd-network
997,systemd-timesync,systemd-timesync
992,systemd-resolve,systemd-resolve
991,polkitd,polkitd
989,fwupd-refresh,fwupd-refresh
109,sshd,nogroup
108,usbmux,plugdev
107,landscape,landscape
105,tcpdump,tcpdump
104,uuidd,uuidd
103,syslog,syslog,adm
101,messagebus,messagebus
42,_apt,nogroup
39,irc,irc
38,list,list
34,backup,backup
33,www-data,www-data
13,proxy,proxy
10,uucp,uucp
9,news,news
8,mail,mail
7,lp,lp
6,man,man
5,games,games
3,sys,sys
2,bin,bin
1,daemon,daemon
root@eltex-practice2-pg1-v18:~#

5

dmesg | grep kernel

root@eltex-practice2-pg1-v18:~# dmesg | grep kernel
[    0.144530] Booting paravirtualized kernel on KVM
[    0.148355] Unknown kernel command line parameters "BOOT_IMAGE=/vmlinuz-6.8.0-55-generic", will be passed to user space.
[    0.387973] Memory: 3933484K/4193760K available (22528K kernel code, 4443K rwdata, 14344K rodata, 4988K init, 4716K bss, 260016K reserved, 0K cma-reserved)
[    1.235192] Loaded X.509 cert 'Build time autogenerated kernel key: e0bedf6fa049a1e09bd65ebab3904f14cdd5bc68'
[    1.360898] Loaded X.509 cert 'Build time autogenerated kernel key: e0bedf6fa049a1e09bd65ebab3904f14cdd5bc68'
[    1.422343] Freeing unused kernel image (initmem) memory: 4988K
[    1.423966] Write protecting the kernel read-only data: 38912k
[    1.426878] Freeing unused kernel image (rodata/data gap) memory: 2040K
[   20.030468] systemd[1]: Listening on systemd-udevd-kernel.socket - udev Kernel Socket.
[   20.122245] systemd[1]: Mounting sys-kernel-debug.mount - Kernel Debug File System...
[   20.153082] systemd[1]: Mounting sys-kernel-tracing.mount - Kernel Trace File System...
[   20.785857] systemd[1]: Mounted sys-kernel-debug.mount - Kernel Debug File System.
[   20.791943] systemd[1]: Mounted sys-kernel-tracing.mount - Kernel Trace File System.
[   21.101870] systemd[1]: Mounting sys-kernel-config.mount - Kernel Configuration File System...
root@eltex-practice2-pg1-v18:~#

6

wc -l /var/log/kern.log

root@eltex-practice2-pg1-v18:~# wc -l /var/log/kern.log
22 /var/log/kern.log
root@eltex-practice2-pg1-v18:~#

7

awk '/^Commandline:/{c=$0} /^Start-Date:/{s=$0} /^End-Date:/{e=$0} /^$/{print c"; "s"; "e; c=s=e=""} END{if(c) print c"; "s"; "e}' /var/log/apt/history.log

root@eltex-practice2-pg1-v18:~# awk '/^Commandline:/{c=$0} /^Start-Date:/{s=$0} /^End-Date:/{e=$0} /^$/{print c"; "s"; "e; c=s=e=""} END{if(c) print c"; "s"; "e}' /var/log/apt/history.log
...
...
2:15; End-Date: 2026-03-13  09:03:53
Commandline: /usr/bin/unattended-upgrade; Start-Date: 2026-03-13  09:04:01; End-Date: 2026-03-13  09:04:39
Commandline: /usr/bin/unattended-upgrade; Start-Date: 2026-03-13  09:04:49; End-Date: 2026-03-13  09:05:50
Commandline: /usr/bin/unattended-upgrade; Start-Date: 2026-03-13  09:05:58; End-Date: 2026-03-13  09:06:57
Commandline: /usr/bin/unattended-upgrade; Start-Date: 2026-03-13  09:07:03; End-Date: 2026-03-13  09:08:14
Commandline: /usr/bin/unattended-upgrade; Start-Date: 2026-03-13  09:08:19; End-Date: 2026-03-13  09:08:55
Commandline: /usr/bin/unattended-upgrade; Start-Date: 2026-03-13  09:09:03; End-Date: 2026-03-13  09:11:09
Commandline: /usr/bin/unattended-upgrade; Start-Date: 2026-03-13  09:11:14; End-Date: 2026-03-13  09:12:43
Commandline: /usr/bin/unattended-upgrade; Start-Date: 2026-03-13  09:12:46; End-Date: 2026-03-13  09:15:32
Commandline: /usr/bin/unattended-upgrade; Start-Date: 2026-03-13  09:15:38; End-Date: 2026-03-13  09:16:31
Commandline: /usr/bin/unattended-upgrade; Start-Date: 2026-03-13  09:16:38; End-Date: 2026-03-13  09:18:03
Commandline: /usr/bin/unattended-upgrade; Start-Date: 2026-03-13  09:18:07; End-Date: 2026-03-13  09:18:41
Commandline: /usr/bin/unattended-upgrade; Start-Date: 2026-03-15  06:24:33; End-Date: 2026-03-15  06:28:15
Commandline: /usr/bin/unattended-upgrade; Start-Date: 2026-03-15  06:28:19; End-Date: 2026-03-15  06:28:25
Commandline: /usr/bin/unattended-upgrade; Start-Date: 2026-03-15  06:28:27; End-Date: 2026-03-15  06:28:36
Commandline: /usr/bin/unattended-upgrade; Start-Date: 2026-03-15  06:28:38; End-Date: 2026-03-15  06:28:42
Commandline: /usr/bin/unattended-upgrade; Start-Date: 2026-03-15  06:28:44; End-Date: 2026-03-15  06:28:52
Commandline: apt install bzip2; Start-Date: 2026-03-16  16:34:10; End-Date: 2026-03-16  16:34:21
Commandline: apt install 7zip; Start-Date: 2026-03-16  16:44:46; End-Date: 2026-03-16  16:44:51

